// Jest Snapshot v1, https://goo.gl/fbAQLP

exports[`Render Loader when loading = true 1`] = `
"<Provider store={{...}}>
  <Masters>
    <Loader>
      <div className=\\"isLoading\\">
        <div className=\\"circle c_1\\" />
        <div className=\\"circle c_2\\" />
        <div className=\\"circle c_3\\" />
      </div>
    </Loader>
  </Masters>
</Provider>"
`;

exports[`Should toggle loading on false and render whole component 1`] = `
"<Provider store={{...}}>
  <Masters>
    <div>
      <Button className=\\"add_master\\" type=\\"primary\\" onClick={[Function: onClick]} loading={false} ghost={false} block={false} htmlType=\\"button\\">
        <Wave>
          <button onClick={[Function: handleClick]} type=\\"button\\" className=\\"ant-btn ant-btn-primary add_master\\">
            <LoadingIcon existIcon={false} prefixCls=\\"ant-btn\\" loading={false}>
              <CSSMotion visible={false} motionName=\\"ant-btn-loading-icon-motion\\" removeOnLeave={true} onAppearStart={[Function: getCollapsedWidth]} onAppearActive={[Function: getRealWidth]} onEnterStart={[Function: getCollapsedWidth]} onEnterActive={[Function: getRealWidth]} onLeaveStart={[Function: getRealWidth]} onLeaveActive={[Function: getCollapsedWidth]}>
                <DomWrapper />
              </CSSMotion>
            </LoadingIcon>
            <span>
              Add Master
            </span>
          </button>
        </Wave>
      </Button>
      <div className=\\"wrapper_masters\\">
        <div className=\\"card_master\\">
          <div>
            ID: 
            3
          </div>
          <div className=\\"master_name\\">
            Master (undefined)
          </div>
          <RatingStars value={[undefined]} readOnly={true} precision={0.25}>
            <div className=\\"makeStyles-root-1\\">
              <WithStyles(ForwardRef(Rating)) name=\\"evaluation\\" defaultValue={[undefined]} value={[undefined]} precision={0.25} readOnly={true} onChange={[undefined]}>
                <ForwardRef(Rating) classes={{...}} name=\\"evaluation\\" defaultValue={[undefined]} value={[undefined]} precision={0.25} readOnly={true} onChange={[undefined]}>
                  <span onMouseMove={[Function: handleMouseMove]} onMouseLeave={[Function: handleMouseLeave]} className=\\"MuiRating-root MuiRating-readOnly\\" role=\\"img\\" aria-label=\\"null Stars\\">
                    <span className=\\"MuiRating-decimal\\">
                      <span style={{...}}>
                        <IconContainer value={0.25} className=\\"MuiRating-icon MuiRating-iconEmpty\\">
                          <span className=\\"MuiRating-icon MuiRating-iconEmpty\\">
                            <ForwardRef(StarIcon) fontSize=\\"inherit\\">
                              <WithStyles(ForwardRef(SvgIcon)) fontSize=\\"inherit\\">
                                <ForwardRef(SvgIcon) classes={{...}} fontSize=\\"inherit\\">
                                  <svg className=\\"MuiSvgIcon-root MuiSvgIcon-fontSizeInherit\\" focusable=\\"false\\" viewBox=\\"0 0 24 24\\" color={[undefined]} aria-hidden={true} role={[undefined]}>
                                    <path d=\\"M12 17.27L18.18 21l-1.64-7.03L22 9.24l-7.19-.61L12 2 9.19 8.63 2 9.24l5.46 4.73L5.82 21z\\" />
                                  </svg>
                                </ForwardRef(SvgIcon)>
                              </WithStyles(ForwardRef(SvgIcon))>
                            </ForwardRef(StarIcon)>
                          </span>
                        </IconContainer>
                      </span>
                      <span style={{...}}>
                        <IconContainer value={0.5} className=\\"MuiRating-icon MuiRating-iconEmpty\\">
                          <span className=\\"MuiRating-icon MuiRating-iconEmpty\\">
                            <ForwardRef(StarIcon) fontSize=\\"inherit\\">
                              <WithStyles(ForwardRef(SvgIcon)) fontSize=\\"inherit\\">
                                <ForwardRef(SvgIcon) classes={{...}} fontSize=\\"inherit\\">
                                  <svg className=\\"MuiSvgIcon-root MuiSvgIcon-fontSizeInherit\\" focusable=\\"false\\" viewBox=\\"0 0 24 24\\" color={[undefined]} aria-hidden={true} role={[undefined]}>
                                    <path d=\\"M12 17.27L18.18 21l-1.64-7.03L22 9.24l-7.19-.61L12 2 9.19 8.63 2 9.24l5.46 4.73L5.82 21z\\" />
                                  </svg>
                                </ForwardRef(SvgIcon)>
                              </WithStyles(ForwardRef(SvgIcon))>
                            </ForwardRef(StarIcon)>
                          </span>
                        </IconContainer>
                      </span>
                      <span style={{...}}>
                        <IconContainer value={0.75} className=\\"MuiRating-icon MuiRating-iconEmpty\\">
                          <span className=\\"MuiRating-icon MuiRating-iconEmpty\\">
                            <ForwardRef(StarIcon) fontSize=\\"inherit\\">
                              <WithStyles(ForwardRef(SvgIcon)) fontSize=\\"inherit\\">
                                <ForwardRef(SvgIcon) classes={{...}} fontSize=\\"inherit\\">
                                  <svg className=\\"MuiSvgIcon-root MuiSvgIcon-fontSizeInherit\\" focusable=\\"false\\" viewBox=\\"0 0 24 24\\" color={[undefined]} aria-hidden={true} role={[undefined]}>
                                    <path d=\\"M12 17.27L18.18 21l-1.64-7.03L22 9.24l-7.19-.61L12 2 9.19 8.63 2 9.24l5.46 4.73L5.82 21z\\" />
                                  </svg>
                                </ForwardRef(SvgIcon)>
                              </WithStyles(ForwardRef(SvgIcon))>
                            </ForwardRef(StarIcon)>
                          </span>
                        </IconContainer>
                      </span>
                      <span style={{...}}>
                        <IconContainer value={1} className=\\"MuiRating-icon MuiRating-iconEmpty\\">
                          <span className=\\"MuiRating-icon MuiRating-iconEmpty\\">
                            <ForwardRef(StarIcon) fontSize=\\"inherit\\">
                              <WithStyles(ForwardRef(SvgIcon)) fontSize=\\"inherit\\">
                                <ForwardRef(SvgIcon) classes={{...}} fontSize=\\"inherit\\">
                                  <svg className=\\"MuiSvgIcon-root MuiSvgIcon-fontSizeInherit\\" focusable=\\"false\\" viewBox=\\"0 0 24 24\\" color={[undefined]} aria-hidden={true} role={[undefined]}>
                                    <path d=\\"M12 17.27L18.18 21l-1.64-7.03L22 9.24l-7.19-.61L12 2 9.19 8.63 2 9.24l5.46 4.73L5.82 21z\\" />
                                  </svg>
                                </ForwardRef(SvgIcon)>
                              </WithStyles(ForwardRef(SvgIcon))>
                            </ForwardRef(StarIcon)>
                          </span>
                        </IconContainer>
                      </span>
                    </span>
                    <span className=\\"MuiRating-decimal\\">
                      <span style={{...}}>
                        <IconContainer value={1.25} className=\\"MuiRating-icon MuiRating-iconEmpty\\">
                          <span className=\\"MuiRating-icon MuiRating-iconEmpty\\">
                            <ForwardRef(StarIcon) fontSize=\\"inherit\\">
                              <WithStyles(ForwardRef(SvgIcon)) fontSize=\\"inherit\\">
                                <ForwardRef(SvgIcon) classes={{...}} fontSize=\\"inherit\\">
                                  <svg className=\\"MuiSvgIcon-root MuiSvgIcon-fontSizeInherit\\" focusable=\\"false\\" viewBox=\\"0 0 24 24\\" color={[undefined]} aria-hidden={true} role={[undefined]}>
                                    <path d=\\"M12 17.27L18.18 21l-1.64-7.03L22 9.24l-7.19-.61L12 2 9.19 8.63 2 9.24l5.46 4.73L5.82 21z\\" />
                                  </svg>
                                </ForwardRef(SvgIcon)>
                              </WithStyles(ForwardRef(SvgIcon))>
                            </ForwardRef(StarIcon)>
                          </span>
                        </IconContainer>
                      </span>
                      <span style={{...}}>
                        <IconContainer value={1.5} className=\\"MuiRating-icon MuiRating-iconEmpty\\">
                          <span className=\\"MuiRating-icon MuiRating-iconEmpty\\">
                            <ForwardRef(StarIcon) fontSize=\\"inherit\\">
                              <WithStyles(ForwardRef(SvgIcon)) fontSize=\\"inherit\\">
                                <ForwardRef(SvgIcon) classes={{...}} fontSize=\\"inherit\\">
                                  <svg className=\\"MuiSvgIcon-root MuiSvgIcon-fontSizeInherit\\" focusable=\\"false\\" viewBox=\\"0 0 24 24\\" color={[undefined]} aria-hidden={true} role={[undefined]}>
                                    <path d=\\"M12 17.27L18.18 21l-1.64-7.03L22 9.24l-7.19-.61L12 2 9.19 8.63 2 9.24l5.46 4.73L5.82 21z\\" />
                                  </svg>
                                </ForwardRef(SvgIcon)>
                              </WithStyles(ForwardRef(SvgIcon))>
                            </ForwardRef(StarIcon)>
                          </span>
                        </IconContainer>
                      </span>
                      <span style={{...}}>
                        <IconContainer value={1.75} className=\\"MuiRating-icon MuiRating-iconEmpty\\">
                          <span className=\\"MuiRating-icon MuiRating-iconEmpty\\">
                            <ForwardRef(StarIcon) fontSize=\\"inherit\\">
                              <WithStyles(ForwardRef(SvgIcon)) fontSize=\\"inherit\\">
                                <ForwardRef(SvgIcon) classes={{...}} fontSize=\\"inherit\\">
                                  <svg className=\\"MuiSvgIcon-root MuiSvgIcon-fontSizeInherit\\" focusable=\\"false\\" viewBox=\\"0 0 24 24\\" color={[undefined]} aria-hidden={true} role={[undefined]}>
                                    <path d=\\"M12 17.27L18.18 21l-1.64-7.03L22 9.24l-7.19-.61L12 2 9.19 8.63 2 9.24l5.46 4.73L5.82 21z\\" />
                                  </svg>
                                </ForwardRef(SvgIcon)>
                              </WithStyles(ForwardRef(SvgIcon))>
                            </ForwardRef(StarIcon)>
                          </span>
                        </IconContainer>
                      </span>
                      <span style={{...}}>
                        <IconContainer value={2} className=\\"MuiRating-icon MuiRating-iconEmpty\\">
                          <span className=\\"MuiRating-icon MuiRating-iconEmpty\\">
                            <ForwardRef(StarIcon) fontSize=\\"inherit\\">
                              <WithStyles(ForwardRef(SvgIcon)) fontSize=\\"inherit\\">
                                <ForwardRef(SvgIcon) classes={{...}} fontSize=\\"inherit\\">
                                  <svg className=\\"MuiSvgIcon-root MuiSvgIcon-fontSizeInherit\\" focusable=\\"false\\" viewBox=\\"0 0 24 24\\" color={[undefined]} aria-hidden={true} role={[undefined]}>
                                    <path d=\\"M12 17.27L18.18 21l-1.64-7.03L22 9.24l-7.19-.61L12 2 9.19 8.63 2 9.24l5.46 4.73L5.82 21z\\" />
                                  </svg>
                                </ForwardRef(SvgIcon)>
                              </WithStyles(ForwardRef(SvgIcon))>
                            </ForwardRef(StarIcon)>
                          </span>
                        </IconContainer>
                      </span>
                    </span>
                    <span className=\\"MuiRating-decimal\\">
                      <span style={{...}}>
                        <IconContainer value={2.25} className=\\"MuiRating-icon MuiRating-iconEmpty\\">
                          <span className=\\"MuiRating-icon MuiRating-iconEmpty\\">
                            <ForwardRef(StarIcon) fontSize=\\"inherit\\">
                              <WithStyles(ForwardRef(SvgIcon)) fontSize=\\"inherit\\">
                                <ForwardRef(SvgIcon) classes={{...}} fontSize=\\"inherit\\">
                                  <svg className=\\"MuiSvgIcon-root MuiSvgIcon-fontSizeInherit\\" focusable=\\"false\\" viewBox=\\"0 0 24 24\\" color={[undefined]} aria-hidden={true} role={[undefined]}>
                                    <path d=\\"M12 17.27L18.18 21l-1.64-7.03L22 9.24l-7.19-.61L12 2 9.19 8.63 2 9.24l5.46 4.73L5.82 21z\\" />
                                  </svg>
                                </ForwardRef(SvgIcon)>
                              </WithStyles(ForwardRef(SvgIcon))>
                            </ForwardRef(StarIcon)>
                          </span>
                        </IconContainer>
                      </span>
                      <span style={{...}}>
                        <IconContainer value={2.5} className=\\"MuiRating-icon MuiRating-iconEmpty\\">
                          <span className=\\"MuiRating-icon MuiRating-iconEmpty\\">
                            <ForwardRef(StarIcon) fontSize=\\"inherit\\">
                              <WithStyles(ForwardRef(SvgIcon)) fontSize=\\"inherit\\">
                                <ForwardRef(SvgIcon) classes={{...}} fontSize=\\"inherit\\">
                                  <svg className=\\"MuiSvgIcon-root MuiSvgIcon-fontSizeInherit\\" focusable=\\"false\\" viewBox=\\"0 0 24 24\\" color={[undefined]} aria-hidden={true} role={[undefined]}>
                                    <path d=\\"M12 17.27L18.18 21l-1.64-7.03L22 9.24l-7.19-.61L12 2 9.19 8.63 2 9.24l5.46 4.73L5.82 21z\\" />
                                  </svg>
                                </ForwardRef(SvgIcon)>
                              </WithStyles(ForwardRef(SvgIcon))>
                            </ForwardRef(StarIcon)>
                          </span>
                        </IconContainer>
                      </span>
                      <span style={{...}}>
                        <IconContainer value={2.75} className=\\"MuiRating-icon MuiRating-iconEmpty\\">
                          <span className=\\"MuiRating-icon MuiRating-iconEmpty\\">
                            <ForwardRef(StarIcon) fontSize=\\"inherit\\">
                              <WithStyles(ForwardRef(SvgIcon)) fontSize=\\"inherit\\">
                                <ForwardRef(SvgIcon) classes={{...}} fontSize=\\"inherit\\">
                                  <svg className=\\"MuiSvgIcon-root MuiSvgIcon-fontSizeInherit\\" focusable=\\"false\\" viewBox=\\"0 0 24 24\\" color={[undefined]} aria-hidden={true} role={[undefined]}>
                                    <path d=\\"M12 17.27L18.18 21l-1.64-7.03L22 9.24l-7.19-.61L12 2 9.19 8.63 2 9.24l5.46 4.73L5.82 21z\\" />
                                  </svg>
                                </ForwardRef(SvgIcon)>
                              </WithStyles(ForwardRef(SvgIcon))>
                            </ForwardRef(StarIcon)>
                          </span>
                        </IconContainer>
                      </span>
                      <span style={{...}}>
                        <IconContainer value={3} className=\\"MuiRating-icon MuiRating-iconEmpty\\">
                          <span className=\\"MuiRating-icon MuiRating-iconEmpty\\">
                            <ForwardRef(StarIcon) fontSize=\\"inherit\\">
                              <WithStyles(ForwardRef(SvgIcon)) fontSize=\\"inherit\\">
                                <ForwardRef(SvgIcon) classes={{...}} fontSize=\\"inherit\\">
                                  <svg className=\\"MuiSvgIcon-root MuiSvgIcon-fontSizeInherit\\" focusable=\\"false\\" viewBox=\\"0 0 24 24\\" color={[undefined]} aria-hidden={true} role={[undefined]}>
                                    <path d=\\"M12 17.27L18.18 21l-1.64-7.03L22 9.24l-7.19-.61L12 2 9.19 8.63 2 9.24l5.46 4.73L5.82 21z\\" />
                                  </svg>
                                </ForwardRef(SvgIcon)>
                              </WithStyles(ForwardRef(SvgIcon))>
                            </ForwardRef(StarIcon)>
                          </span>
                        </IconContainer>
                      </span>
                    </span>
                    <span className=\\"MuiRating-decimal\\">
                      <span style={{...}}>
                        <IconContainer value={3.25} className=\\"MuiRating-icon MuiRating-iconEmpty\\">
                          <span className=\\"MuiRating-icon MuiRating-iconEmpty\\">
                            <ForwardRef(StarIcon) fontSize=\\"inherit\\">
                              <WithStyles(ForwardRef(SvgIcon)) fontSize=\\"inherit\\">
                                <ForwardRef(SvgIcon) classes={{...}} fontSize=\\"inherit\\">
                                  <svg className=\\"MuiSvgIcon-root MuiSvgIcon-fontSizeInherit\\" focusable=\\"false\\" viewBox=\\"0 0 24 24\\" color={[undefined]} aria-hidden={true} role={[undefined]}>
                                    <path d=\\"M12 17.27L18.18 21l-1.64-7.03L22 9.24l-7.19-.61L12 2 9.19 8.63 2 9.24l5.46 4.73L5.82 21z\\" />
                                  </svg>
                                </ForwardRef(SvgIcon)>
                              </WithStyles(ForwardRef(SvgIcon))>
                            </ForwardRef(StarIcon)>
                          </span>
                        </IconContainer>
                      </span>
                      <span style={{...}}>
                        <IconContainer value={3.5} className=\\"MuiRating-icon MuiRating-iconEmpty\\">
                          <span className=\\"MuiRating-icon MuiRating-iconEmpty\\">
                            <ForwardRef(StarIcon) fontSize=\\"inherit\\">
                              <WithStyles(ForwardRef(SvgIcon)) fontSize=\\"inherit\\">
                                <ForwardRef(SvgIcon) classes={{...}} fontSize=\\"inherit\\">
                                  <svg className=\\"MuiSvgIcon-root MuiSvgIcon-fontSizeInherit\\" focusable=\\"false\\" viewBox=\\"0 0 24 24\\" color={[undefined]} aria-hidden={true} role={[undefined]}>
                                    <path d=\\"M12 17.27L18.18 21l-1.64-7.03L22 9.24l-7.19-.61L12 2 9.19 8.63 2 9.24l5.46 4.73L5.82 21z\\" />
                                  </svg>
                                </ForwardRef(SvgIcon)>
                              </WithStyles(ForwardRef(SvgIcon))>
                            </ForwardRef(StarIcon)>
                          </span>
                        </IconContainer>
                      </span>
                      <span style={{...}}>
                        <IconContainer value={3.75} className=\\"MuiRating-icon MuiRating-iconEmpty\\">
                          <span className=\\"MuiRating-icon MuiRating-iconEmpty\\">
                            <ForwardRef(StarIcon) fontSize=\\"inherit\\">
                              <WithStyles(ForwardRef(SvgIcon)) fontSize=\\"inherit\\">
                                <ForwardRef(SvgIcon) classes={{...}} fontSize=\\"inherit\\">
                                  <svg className=\\"MuiSvgIcon-root MuiSvgIcon-fontSizeInherit\\" focusable=\\"false\\" viewBox=\\"0 0 24 24\\" color={[undefined]} aria-hidden={true} role={[undefined]}>
                                    <path d=\\"M12 17.27L18.18 21l-1.64-7.03L22 9.24l-7.19-.61L12 2 9.19 8.63 2 9.24l5.46 4.73L5.82 21z\\" />
                                  </svg>
                                </ForwardRef(SvgIcon)>
                              </WithStyles(ForwardRef(SvgIcon))>
                            </ForwardRef(StarIcon)>
                          </span>
                        </IconContainer>
                      </span>
                      <span style={{...}}>
                        <IconContainer value={4} className=\\"MuiRating-icon MuiRating-iconEmpty\\">
                          <span className=\\"MuiRating-icon MuiRating-iconEmpty\\">
                            <ForwardRef(StarIcon) fontSize=\\"inherit\\">
                              <WithStyles(ForwardRef(SvgIcon)) fontSize=\\"inherit\\">
                                <ForwardRef(SvgIcon) classes={{...}} fontSize=\\"inherit\\">
                                  <svg className=\\"MuiSvgIcon-root MuiSvgIcon-fontSizeInherit\\" focusable=\\"false\\" viewBox=\\"0 0 24 24\\" color={[undefined]} aria-hidden={true} role={[undefined]}>
                                    <path d=\\"M12 17.27L18.18 21l-1.64-7.03L22 9.24l-7.19-.61L12 2 9.19 8.63 2 9.24l5.46 4.73L5.82 21z\\" />
                                  </svg>
                                </ForwardRef(SvgIcon)>
                              </WithStyles(ForwardRef(SvgIcon))>
                            </ForwardRef(StarIcon)>
                          </span>
                        </IconContainer>
                      </span>
                    </span>
                    <span className=\\"MuiRating-decimal\\">
                      <span style={{...}}>
                        <IconContainer value={4.25} className=\\"MuiRating-icon MuiRating-iconEmpty\\">
                          <span className=\\"MuiRating-icon MuiRating-iconEmpty\\">
                            <ForwardRef(StarIcon) fontSize=\\"inherit\\">
                              <WithStyles(ForwardRef(SvgIcon)) fontSize=\\"inherit\\">
                                <ForwardRef(SvgIcon) classes={{...}} fontSize=\\"inherit\\">
                                  <svg className=\\"MuiSvgIcon-root MuiSvgIcon-fontSizeInherit\\" focusable=\\"false\\" viewBox=\\"0 0 24 24\\" color={[undefined]} aria-hidden={true} role={[undefined]}>
                                    <path d=\\"M12 17.27L18.18 21l-1.64-7.03L22 9.24l-7.19-.61L12 2 9.19 8.63 2 9.24l5.46 4.73L5.82 21z\\" />
                                  </svg>
                                </ForwardRef(SvgIcon)>
                              </WithStyles(ForwardRef(SvgIcon))>
                            </ForwardRef(StarIcon)>
                          </span>
                        </IconContainer>
                      </span>
                      <span style={{...}}>
                        <IconContainer value={4.5} className=\\"MuiRating-icon MuiRating-iconEmpty\\">
                          <span className=\\"MuiRating-icon MuiRating-iconEmpty\\">
                            <ForwardRef(StarIcon) fontSize=\\"inherit\\">
                              <WithStyles(ForwardRef(SvgIcon)) fontSize=\\"inherit\\">
                                <ForwardRef(SvgIcon) classes={{...}} fontSize=\\"inherit\\">
                                  <svg className=\\"MuiSvgIcon-root MuiSvgIcon-fontSizeInherit\\" focusable=\\"false\\" viewBox=\\"0 0 24 24\\" color={[undefined]} aria-hidden={true} role={[undefined]}>
                                    <path d=\\"M12 17.27L18.18 21l-1.64-7.03L22 9.24l-7.19-.61L12 2 9.19 8.63 2 9.24l5.46 4.73L5.82 21z\\" />
                                  </svg>
                                </ForwardRef(SvgIcon)>
                              </WithStyles(ForwardRef(SvgIcon))>
                            </ForwardRef(StarIcon)>
                          </span>
                        </IconContainer>
                      </span>
                      <span style={{...}}>
                        <IconContainer value={4.75} className=\\"MuiRating-icon MuiRating-iconEmpty\\">
                          <span className=\\"MuiRating-icon MuiRating-iconEmpty\\">
                            <ForwardRef(StarIcon) fontSize=\\"inherit\\">
                              <WithStyles(ForwardRef(SvgIcon)) fontSize=\\"inherit\\">
                                <ForwardRef(SvgIcon) classes={{...}} fontSize=\\"inherit\\">
                                  <svg className=\\"MuiSvgIcon-root MuiSvgIcon-fontSizeInherit\\" focusable=\\"false\\" viewBox=\\"0 0 24 24\\" color={[undefined]} aria-hidden={true} role={[undefined]}>
                                    <path d=\\"M12 17.27L18.18 21l-1.64-7.03L22 9.24l-7.19-.61L12 2 9.19 8.63 2 9.24l5.46 4.73L5.82 21z\\" />
                                  </svg>
                                </ForwardRef(SvgIcon)>
                              </WithStyles(ForwardRef(SvgIcon))>
                            </ForwardRef(StarIcon)>
                          </span>
                        </IconContainer>
                      </span>
                      <span style={{...}}>
                        <IconContainer value={5} className=\\"MuiRating-icon MuiRating-iconEmpty\\">
                          <span className=\\"MuiRating-icon MuiRating-iconEmpty\\">
                            <ForwardRef(StarIcon) fontSize=\\"inherit\\">
                              <WithStyles(ForwardRef(SvgIcon)) fontSize=\\"inherit\\">
                                <ForwardRef(SvgIcon) classes={{...}} fontSize=\\"inherit\\">
                                  <svg className=\\"MuiSvgIcon-root MuiSvgIcon-fontSizeInherit\\" focusable=\\"false\\" viewBox=\\"0 0 24 24\\" color={[undefined]} aria-hidden={true} role={[undefined]}>
                                    <path d=\\"M12 17.27L18.18 21l-1.64-7.03L22 9.24l-7.19-.61L12 2 9.19 8.63 2 9.24l5.46 4.73L5.82 21z\\" />
                                  </svg>
                                </ForwardRef(SvgIcon)>
                              </WithStyles(ForwardRef(SvgIcon))>
                            </ForwardRef(StarIcon)>
                          </span>
                        </IconContainer>
                      </span>
                    </span>
                  </span>
                </ForwardRef(Rating)>
              </WithStyles(ForwardRef(Rating))>
              (
              New
              )
            </div>
          </RatingStars>
          <Space size=\\"middle\\" className=\\"wrapper_buttons\\">
            <div className=\\"ant-space ant-space-horizontal ant-space-align-center wrapper_buttons\\" style={{...}}>
              <Item className=\\"ant-space-item\\" direction=\\"horizontal\\" index={0} marginDirection=\\"marginRight\\" split={[undefined]} wrap={false}>
                <div className=\\"ant-space-item\\" style={{...}}>
                  <Button type=\\"dashed\\" onClick={[Function: onClick]} loading={false} ghost={false} block={false} htmlType=\\"button\\">
                    <Wave>
                      <button onClick={[Function: handleClick]} type=\\"button\\" className=\\"ant-btn ant-btn-dashed\\">
                        <LoadingIcon existIcon={false} prefixCls=\\"ant-btn\\" loading={false}>
                          <CSSMotion visible={false} motionName=\\"ant-btn-loading-icon-motion\\" removeOnLeave={true} onAppearStart={[Function: getCollapsedWidth]} onAppearActive={[Function: getRealWidth]} onEnterStart={[Function: getCollapsedWidth]} onEnterActive={[Function: getRealWidth]} onLeaveStart={[Function: getRealWidth]} onLeaveActive={[Function: getCollapsedWidth]}>
                            <DomWrapper />
                          </CSSMotion>
                        </LoadingIcon>
                        <span>
                          Edit
                        </span>
                      </button>
                    </Wave>
                  </Button>
                </div>
              </Item>
              <Item className=\\"ant-space-item\\" direction=\\"horizontal\\" index={1} marginDirection=\\"marginRight\\" split={[undefined]} wrap={false}>
                <div className=\\"ant-space-item\\" style={{...}}>
                  <ForwardRef title=\\"Are you sure?\\" onConfirm={[Function: onConfirm]} okText=\\"Yes\\" cancelText=\\"No\\" transitionName=\\"zoom-big\\" placement=\\"top\\" trigger=\\"click\\" okType=\\"primary\\" icon={{...}} disabled={false}>
                    <Tooltip title=\\"Are you sure?\\" onConfirm={[Function: onConfirm]} okText=\\"Yes\\" cancelText=\\"No\\" transitionName=\\"zoom-big\\" trigger=\\"click\\" okType=\\"primary\\" icon={{...}} disabled={false} prefixCls=\\"ant-popover\\" placement=\\"top\\" onVisibleChange={[Function: onVisibleChange]} visible={[undefined]} overlay={{...}} overlayClassName=\\"ant-popconfirm\\" mouseEnterDelay={0.1} mouseLeaveDelay={0.1} arrowPointAtCenter={false} autoAdjustOverflow={true}>
                      <ForwardRef(Tooltip) title=\\"Are you sure?\\" onConfirm={[Function: onConfirm]} okText=\\"Yes\\" cancelText=\\"No\\" transitionName=\\"zoom-big\\" trigger=\\"click\\" okType=\\"primary\\" icon={{...}} disabled={false} prefixCls=\\"ant-popover\\" placement=\\"top\\" onVisibleChange={[Function: onVisibleChange]} visible={[undefined]} overlay={{...}} overlayClassName=\\"ant-popconfirm\\" mouseEnterDelay={0.1} mouseLeaveDelay={0.1} arrowPointAtCenter={false} autoAdjustOverflow={true} getTooltipContainer={[undefined]} builtinPlacements={{...}} onPopupAlign={[Function: onPopupAlign]} overlayInnerStyle={[undefined]} arrowContent={{...}}>
                        <Trigger popupClassName=\\"ant-popconfirm\\" prefixCls=\\"ant-popover\\" popup={[Function: getPopupElement]} action=\\"click\\" builtinPlacements={{...}} popupPlacement=\\"top\\" popupAlign={{...}} getPopupContainer={[undefined]} onPopupVisibleChange={[Function: onVisibleChange]} afterPopupVisibleChange={[Function: noop]} popupTransitionName=\\"zoom-big\\" popupAnimation={[undefined]} defaultPopupVisible={false} destroyPopupOnHide={false} autoDestroy={false} mouseLeaveDelay={0.1} popupStyle={{...}} mouseEnterDelay={0.1} title=\\"Are you sure?\\" onConfirm={[Function: onConfirm]} okText=\\"Yes\\" cancelText=\\"No\\" okType=\\"primary\\" icon={{...}} disabled={false} visible={[undefined]} overlay={{...}} arrowPointAtCenter={false} autoAdjustOverflow={true} onPopupAlign={[Function: onPopupAlign]} arrowContent={{...}} popupVisible={[undefined]} getPopupClassNameFromAlign={[Function: returnEmptyString]} getDocument={[Function: returnDocument]} focusDelay={0} blurDelay={0.15} mask={false} maskClosable={true} showAction={{...}} hideAction={{...}}>
                          <Button danger={true} loading={false} ghost={false} block={false} htmlType=\\"button\\" onKeyDown={[Function: onKeyDown]} onContextMenu={[undefined]} onClick={[Function (anonymous)]} onMouseDown={[Function (anonymous)]} onTouchStart={[Function (anonymous)]} onMouseEnter={[undefined]} onMouseLeave={[undefined]} onFocus={[undefined]} onBlur={[undefined]}>
                            <Wave>
                              <button onKeyDown={[Function: onKeyDown]} onContextMenu={[undefined]} onClick={[Function: handleClick]} onMouseDown={[Function (anonymous)]} onTouchStart={[Function (anonymous)]} onMouseEnter={[undefined]} onMouseLeave={[undefined]} onFocus={[undefined]} onBlur={[undefined]} type=\\"button\\" className=\\"ant-btn ant-btn-dangerous\\">
                                <LoadingIcon existIcon={false} prefixCls=\\"ant-btn\\" loading={false}>
                                  <CSSMotion visible={false} motionName=\\"ant-btn-loading-icon-motion\\" removeOnLeave={true} onAppearStart={[Function: getCollapsedWidth]} onAppearActive={[Function: getRealWidth]} onEnterStart={[Function: getCollapsedWidth]} onEnterActive={[Function: getRealWidth]} onLeaveStart={[Function: getRealWidth]} onLeaveActive={[Function: getCollapsedWidth]}>
                                    <DomWrapper />
                                  </CSSMotion>
                                </LoadingIcon>
                                <span>
                                  Delete
                                </span>
                              </button>
                            </Wave>
                          </Button>
                        </Trigger>
                      </ForwardRef(Tooltip)>
                    </Tooltip>
                  </ForwardRef>
                </div>
              </Item>
            </div>
          </Space>
          <div className=\\"password\\" onClick={[Function: onClick]}>
            Set password
          </div>
        </div>
      </div>
      <Modal title=\\"Edit master\\" closable={true} onCancel={[Function: handleCancel]} visible={false} footer={false} width={520} transitionName=\\"zoom\\" maskTransitionName=\\"fade\\" confirmLoading={false} okType=\\"primary\\">
        <Dialog title=\\"Edit master\\" closable={true} onCancel={[Function: handleCancel]} width={520} transitionName=\\"zoom\\" maskTransitionName=\\"fade\\" confirmLoading={false} okType=\\"primary\\" getContainer={[undefined]} prefixCls=\\"ant-modal\\" wrapClassName=\\"\\" footer={false} visible={false} mousePosition={[undefined]} onClose={[Function: handleCancel]} closeIcon={{...}} focusTriggerAfterClose={true}>
          <PortalWrapper visible={false} forceRender={[undefined]} getContainer={[undefined]} />
        </Dialog>
      </Modal>
      <Modal title=\\"Set password\\" closable={true} onCancel={[Function: handleCancel]} visible={false} footer={false} width={520} transitionName=\\"zoom\\" maskTransitionName=\\"fade\\" confirmLoading={false} okType=\\"primary\\">
        <Dialog title=\\"Set password\\" closable={true} onCancel={[Function: handleCancel]} width={520} transitionName=\\"zoom\\" maskTransitionName=\\"fade\\" confirmLoading={false} okType=\\"primary\\" getContainer={[undefined]} prefixCls=\\"ant-modal\\" wrapClassName=\\"\\" footer={false} visible={false} mousePosition={[undefined]} onClose={[Function: handleCancel]} closeIcon={{...}} focusTriggerAfterClose={true}>
          <PortalWrapper visible={false} forceRender={[undefined]} getContainer={[undefined]} />
        </Dialog>
      </Modal>
    </div>
  </Masters>
</Provider>"
`;
